
> frontend@0.1.0 build
> next build

Ôľ▓ Next.js 16.2.4 (Turbopack)

  Creating an optimized production build ...
Ôťô Compiled successfully in 5.6s
  Running TypeScript ...
  Finished TypeScript in 5.6s ...
  Collecting page data using 9 workers ...
  Generating static pages using 9 workers (0/5) ...
  Generating static pages using 9 workers (1/5) 
  Generating static pages using 9 workers (2/5) 
  Generating static pages using 9 workers (3/5) 
Ôťô Generating static pages using 9 workers (5/5) in 775ms
  Finalizing page optimization ...

Route (app)
Ôöî ÔŚő /
Ôöť ÔŚő /_not-found
Ôöť Ăĺ /assembly/[modelId]
Ôöť Ăĺ /parts/[modelId]
Ôöť ÔŚő /upload
Ôöö Ăĺ /viewer/[jobId]


ÔŚő  (Static)   prerendered as static content
Ăĺ  (Dynamic)  server-rendered on demand

